<testsuites id="" name="" tests="0" failures="0" skipped="0" errors="0" time="0.00062600000000009">
</testsuites>